{
    "channel": {
        "address": "+17036975131",
        "name": "My Android Phone",
        "uuid": "57f1078f-88aa-46f4-a59a-948a5739c03d"
    },
    "contact": {
        "language": "eng",
        "name": "Ryan Lewis",
        "urn": "tel:+12024561111",
        "uuid": "5d76d86b-3bb9-4d5a-b822-c9d86f5d8e4f"
    },
    "flow": {
        "name": "Registration",
        "revision": 123,
        "uuid": "50c3706e-fedb-42c0-8eab-dda3335714b7"
    },
    "input": {
        "attachments": [
            {
                "content_type": "image/jpeg",
                "url": "http://s3.amazon.com/bucket/test.jpg"
            },
            {
                "content_type": "audio/mp3",
                "url": "http://s3.amazon.com/bucket/test.mp3"
            }
        ],
        "channel": {
            "address": "+17036975131",
            "name": "My Android Phone",
            "uuid": "57f1078f-88aa-46f4-a59a-948a5739c03d"
        },
        "created_on": "2017-12-31T11:35:10.035757-02:00",
        "text": "Hi there",
        "type": "msg",
        "urn": {
            "display": "(206) 555-1212",
            "path": "+12065551212",
            "scheme": "tel"
        },
        "uuid": "9bf91c2b-ce58-4cef-aacc-281e03f69ab5"
    },
    "path": [
        {
            "arrived_on": "2018-07-06T12:30:03.123456Z",
            "exit_uuid": "d7a36118-0a38-4b35-a7e4-ae89042f0d3c",
            "node_uuid": "72a1f5df-49f9-45df-94c9-d86f7ea064e5",
            "uuid": "8720f157-ca1c-432f-9c0b-2014ddc77094"
        },
        {
            "arrived_on": "2018-07-06T12:30:21.123456Z",
            "exit_uuid": "100f2d68-2481-4137-a0a3-177620ba3c5f",
            "node_uuid": "3dcccbb4-d29c-41dd-a01f-16d814c9ab82",
            "uuid": "970b8069-50f5-4f6f-8f41-6b2d9f33d623"
        },
        {
            "arrived_on": "2018-07-06T12:30:30.123456Z",
            "exit_uuid": "d898f9a4-f0fc-4ac4-a639-c98c602bb511",
            "node_uuid": "f5bb9b7a-7b5e-45c3-8f0e-61b4e95edf03",
            "uuid": "5ecda5fc-951c-437b-a17e-f85e49829fb9"
        },
        {
            "arrived_on": "2018-07-06T12:30:57.123456Z",
            "exit_uuid": "9fc5f8b4-2247-43db-b899-ab1ac50ba06c",
            "node_uuid": "c0781400-737f-4940-9a6c-1ec1c3df0325",
            "uuid": "312d3af0-a565-4c96-ba00-bd7f0d08e671"
        }
    ],
    "results": {
        "2factor": {
            "category": "",
            "category_localized": "",
            "created_on": "2018-07-06T12:30:39.123456Z",
            "input": "",
            "name": "2Factor",
            "node_uuid": "f5bb9b7a-7b5e-45c3-8f0e-61b4e95edf03",
            "value": "34634624463525"
        },
        "favorite_color": {
            "category": "Red",
            "category_localized": "Red",
            "created_on": "2018-07-06T12:30:35.123456Z",
            "input": "",
            "name": "Favorite Color",
            "node_uuid": "f5bb9b7a-7b5e-45c3-8f0e-61b4e95edf03",
            "value": "red"
        },
        "intent": {
            "category": "Success",
            "category_localized": "Success",
            "created_on": "2018-07-06T12:30:53.123456Z",
            "input": "Hi there",
            "name": "Intent",
            "node_uuid": "f5bb9b7a-7b5e-45c3-8f0e-61b4e95edf03",
            "value": "book_flight"
        },
        "phone_number": {
            "category": "",
            "category_localized": "",
            "created_on": "2018-07-06T12:30:31.123456Z",
            "input": "",
            "name": "Phone Number",
            "node_uuid": "f5bb9b7a-7b5e-45c3-8f0e-61b4e95edf03",
            "value": "+12344563452"
        },
        "webhook": {
            "category": "Success",
            "category_localized": "Success",
            "created_on": "2018-07-06T12:30:47.123456Z",
            "input": "GET http://127.0.0.1:49999/?content=%7B%22results%22%3A%5B%7B%22state%22%3A%22WA%22%7D%2C%7B%22state%22%3A%22IN%22%7D%5D%7D",
            "name": "webhook",
            "node_uuid": "f5bb9b7a-7b5e-45c3-8f0e-61b4e95edf03",
            "value": "200"
        }
    },
    "run": {
        "created_on": "2018-07-06T12:30:00.123456Z",
        "uuid": "692926ea-09d6-4942-bd38-d266ec8d3716"
    }
}