{
    "type": "msg_created",
    "created_on": "2025-05-04T12:31:24.123456789Z",
    "msg": {
        "uuid": "01969b47-99f3-76f8-8c96-e8696b9ca2d2",
        "urn": "tel:+12345678900",
        "channel": {
            "uuid": "57f1078f-88aa-46f4-a59a-948a5739c03d",
            "name": "My Android Phone"
        },
        "text": "Hi there",
        "attachments": [
            "image/jpeg:http://s3.amazon.com/bucket/test.jpg"
        ],
        "quick_replies": [
            {
                "text": "yes"
            },
            {
                "text": "no"
            }
        ],
        "topic": "agent",
        "locale": "eng-US",
        "unsendable_reason": "contact_status"
    }
}