{
    "uuid": "01969b48-806b-76f8-8b56-5e92bbfe0e3f",
    "type": "llm_called",
    "created_on": "2025-05-04T12:32:23.123456789Z",
    "llm": {
        "uuid": "14115c03-b4c5-49e2-b9ac-390c43e9d7ce",
        "name": "GPT-4"
    },
    "instructions": "Categorize the following text as Positive or Negative",
    "input": "Please stop messaging me",
    "output": "Positive",
    "tokens_used": 567,
    "elapsed_ms": 123
}