{
    "type": "environment_refreshed",
    "created_on": "2025-05-04T12:32:00.123456789Z",
    "environment": {
        "date_format": "DD-MM-YYYY",
        "time_format": "tt:mm",
        "timezone": "America/Guayaquil",
        "allowed_languages": [
            "eng",
            "spa"
        ],
        "number_format": {
            "decimal_symbol": ".",
            "digit_grouping_symbol": ","
        },
        "default_country": "US",
        "input_collation": "default",
        "redaction_policy": "none"
    }
}