{
    "type": "optin_requested",
    "created_on": "2025-05-04T12:32:14.123456789Z",
    "optin": {
        "uuid": "248be71d-78e9-4d71-a6c4-9981d369e5cb",
        "name": "Joke Of The Day"
    },
    "channel": {
        "uuid": "4bb288a0-7fca-4da1-abe8-59a593aff648",
        "name": "Facebook Channel"
    },
    "urn": "facebook:1234567890"
}