{
    "type": "service_called",
    "created_on": "2025-05-04T12:31:00.123456789Z",
    "service": "classifier",
    "classifier": {
        "uuid": "4b937f49-7fb7-43a5-8e57-14e2f028a471",
        "name": "Booking"
    },
    "http_logs": [
        {
            "url": "https://api.wit.ai/message?v=20200513&q=hello",
            "status_code": 200,
            "request": "GET /message?v=20200513&q=hello HTTP/1.1\r\nHost: api.wit.ai\r\nUser-Agent: Go-http-client/1.1\r\nAccept-Encoding: gzip\r\n\r\n",
            "response": "HTTP/1.0 200 OK\r\nContent-Length: 14\r\n\r\n{\"intents\":[]}",
            "elapsed_ms": 12,
            "retries": 0,
            "status": "success",
            "created_on": "2025-05-04T12:30:59.123456789Z"
        }
    ]
}