{
    "uuid": "01969b48-1ec3-76f8-ba82-c15b24dd577f",
    "type": "broadcast_created",
    "created_on": "2025-05-04T12:31:58.123456789Z",
    "translations": {
        "eng": {
            "text": "Hello"
        },
        "spa": {
            "text": "Hola"
        }
    },
    "base_language": "eng",
    "groups": [
        {
            "uuid": "5f9fd4f7-4b0f-462a-a598-18bfc7810412",
            "name": "Supervisors"
        }
    ],
    "contacts": [
        {
            "uuid": "b2aaf598-1bb3-4c7d-b6bb-1f8dbe2ac16f",
            "name": "Jim"
        }
    ],
    "contact_query": "name = \"Bob\"",
    "urns": [
        "tel:+12345678900"
    ]
}