{
    "type": "ivr_created",
    "created_on": "2018-10-18T14:20:30.000123456Z",
    "msg": {
        "uuid": "94f0e964-be11-4d7b-866b-323926b4c6a0",
        "urn": "tel:+12345678900",
        "channel": {
            "uuid": "57f1078f-88aa-46f4-a59a-948a5739c03d",
            "name": "My Android Phone"
        },
        "text": "Hi there",
        "attachments": [
            "audio:http://example.com/hi.mp3"
        ],
        "locale": "eng"
    }
}