{
    "uuid": "01969b47-0583-76f8-924e-9de1a11831b3",
    "type": "chat_started",
    "created_on": "2025-05-04T12:30:46.123456789Z",
    "channel": {
        "uuid": "4bb288a0-7fca-4da1-abe8-59a593aff648",
        "name": "Facebook Channel"
    },
    "params": {
        "referrer_id": "acme"
    }
}