{
    "type": "msg",
    "flow": {
        "uuid": "7c37d7e5-6468-4b31-8109-ced2ef8b5ddc",
        "name": "Registration"
    },
    "triggered_on": "2025-05-04T12:31:07.123456789Z",
    "event": {
        "uuid": "01969b47-53a3-76f8-ba00-bd7f0d08e671",
        "type": "msg_received",
        "created_on": "2025-05-04T12:31:06.123456789Z",
        "msg": {
            "urn": "tel:+1234567890",
            "channel": {
                "uuid": "3a05eaf5-cb1b-4246-bef1-f277419c83a7",
                "name": "Nexmo"
            },
            "text": "Hi there",
            "external_id": "SMS1234"
        }
    },
    "keyword_match": {
        "type": "first_word",
        "keyword": "hi"
    }
}