{
    "type": "flow_action",
    "environment": {
        "date_format": "YYYY-MM-DD",
        "time_format": "tt:mm",
        "timezone": "UTC",
        "number_format": {
            "decimal_symbol": ".",
            "digit_grouping_symbol": ","
        },
        "redaction_policy": "none",
        "max_value_length": 640
    },
    "flow": {
        "uuid": "7c37d7e5-6468-4b31-8109-ced2ef8b5ddc",
        "name": "Registration"
    },
    "contact": {
        "uuid": "c00e5d67-c275-4389-aded-7d8b151cbd5b",
        "name": "Bob",
        "language": "eng",
        "status": "active",
        "created_on": "2018-10-20T09:49:31.23456789Z",
        "urns": [
            "tel:+12065551212"
        ]
    },
    "history": {
        "parent_uuid": "cdf7ed27-5ad5-4028-b664-880fc7581c77",
        "ancestors": 1,
        "ancestors_since_input": 1
    },
    "triggered_on": "2018-10-20T09:49:31.23456789Z",
    "run_summary": {
        "uuid": "084e4bed-667c-425e-82f7-bdb625e6ec9e"
    }
}