{
    "type": "call",
    "flow": {
        "uuid": "7c37d7e5-6468-4b31-8109-ced2ef8b5ddc",
        "name": "Registration"
    },
    "triggered_on": "2025-05-04T12:30:58.123456789Z",
    "event": {
        "uuid": "01969b47-307b-76f8-a17e-f85e49829fb9",
        "type": "call_received",
        "created_on": "2025-05-04T12:30:57.123456789Z",
        "call": {
            "uuid": "0198ce92-ff2f-7b07-b158-b21ab168ebba",
            "channel": {
                "uuid": "3a05eaf5-cb1b-4246-bef1-f277419c83a7",
                "name": "Nexmo"
            },
            "urn": "tel:+12065551212"
        }
    }
}