{
    "type": "optin",
    "flow": {
        "uuid": "7c37d7e5-6468-4b31-8109-ced2ef8b5ddc",
        "name": "Registration"
    },
    "triggered_on": "2025-05-04T12:31:03.123456789Z",
    "event": {
        "type": "optin_started",
        "created_on": "2025-05-04T12:31:02.123456789Z",
        "optin": {
            "uuid": "248be71d-78e9-4d71-a6c4-9981d369e5cb",
            "name": "Joke Of The Day"
        },
        "channel": {
            "uuid": "3a05eaf5-cb1b-4246-bef1-f277419c83a7",
            "name": "Nexmo"
        }
    }
}