{
    "type": "ticket",
    "environment": {
        "date_format": "YYYY-MM-DD",
        "time_format": "tt:mm",
        "timezone": "UTC",
        "number_format": {
            "decimal_symbol": ".",
            "digit_grouping_symbol": ","
        },
        "redaction_policy": "none",
        "max_value_length": 640
    },
    "flow": {
        "uuid": "7c37d7e5-6468-4b31-8109-ced2ef8b5ddc",
        "name": "Registration"
    },
    "contact": {
        "uuid": "c00e5d67-c275-4389-aded-7d8b151cbd5b",
        "name": "Bob",
        "language": "eng",
        "status": "active",
        "created_on": "2018-10-20T09:49:31.23456789Z",
        "urns": [
            "tel:+12065551212"
        ]
    },
    "triggered_on": "2018-10-20T09:49:31.23456789Z",
    "event": {
        "type": "closed",
        "ticket": {
            "uuid": "276c2e43-d6f9-4c36-8e54-b5af5039acf6",
            "ticketer": {
                "uuid": "19dc6346-9623-4fe4-be80-538d493ecdf5",
                "name": "Support Tickets"
            },
            "topic": null,
            "body": "Where are my shoes?",
            "external_id": "123456",
            "assignee": {
                "email": "bob@nyaruka.com",
                "name": "Bob McTickets"
            }
        }
    }
}