{
    "type": "manual",
    "environment": {
        "date_format": "YYYY-MM-DD",
        "time_format": "tt:mm",
        "timezone": "UTC",
        "number_format": {
            "decimal_symbol": ".",
            "digit_grouping_symbol": ","
        },
        "input_collation": "default",
        "redaction_policy": "none"
    },
    "flow": {
        "uuid": "7c37d7e5-6468-4b31-8109-ced2ef8b5ddc",
        "name": "Registration"
    },
    "contact": {
        "uuid": "d2f852ec-7b4e-457f-ae7f-f8b243c49ff5",
        "name": "Bob",
        "language": "eng",
        "status": "active",
        "created_on": "2025-05-04T12:30:00.123456789Z",
        "urns": [
            "tel:+12065551212"
        ]
    },
    "batch": true,
    "params": {
        "foo": "bar"
    },
    "triggered_on": "2025-05-04T12:30:11.123456789Z",
    "user": {
        "email": "bob@nyaruka.com",
        "name": "Bob McTickets"
    },
    "origin": "api"
}