{
    "type": "msg",
    "environment": {
        "date_format": "YYYY-MM-DD",
        "time_format": "tt:mm",
        "timezone": "UTC",
        "number_format": {
            "decimal_symbol": ".",
            "digit_grouping_symbol": ","
        },
        "input_collation": "default",
        "redaction_policy": "none"
    },
    "flow": {
        "uuid": "7c37d7e5-6468-4b31-8109-ced2ef8b5ddc",
        "name": "Registration"
    },
    "contact": {
        "uuid": "d2f852ec-7b4e-457f-ae7f-f8b243c49ff5",
        "name": "Bob",
        "language": "eng",
        "status": "active",
        "created_on": "2025-05-04T12:30:45.123456789Z",
        "urns": [
            "tel:+12065551212"
        ]
    },
    "triggered_on": "2025-05-04T12:31:01.123456789Z",
    "event": {
        "type": "msg_received",
        "created_on": "2025-05-04T12:31:00.123456789Z",
        "msg": {
            "uuid": "c8005ee3-4628-4d76-be66-906352cb1935",
            "urn": "tel:+1234567890",
            "channel": {
                "uuid": "3a05eaf5-cb1b-4246-bef1-f277419c83a7",
                "name": "Nexmo"
            },
            "text": "Hi there",
            "external_id": "SMS1234"
        }
    },
    "keyword_match": {
        "type": "first_word",
        "keyword": "hi"
    }
}