{
    "type": "ticket",
    "environment": {
        "date_format": "YYYY-MM-DD",
        "time_format": "tt:mm",
        "timezone": "UTC",
        "number_format": {
            "decimal_symbol": ".",
            "digit_grouping_symbol": ","
        },
        "input_collation": "default",
        "redaction_policy": "none"
    },
    "flow": {
        "uuid": "7c37d7e5-6468-4b31-8109-ced2ef8b5ddc",
        "name": "Registration"
    },
    "contact": {
        "uuid": "d2f852ec-7b4e-457f-ae7f-f8b243c49ff5",
        "name": "Bob",
        "language": "eng",
        "status": "active",
        "created_on": "2025-05-04T12:30:45.123456789Z",
        "urns": [
            "tel:+12065551212"
        ]
    },
    "triggered_on": "2025-05-04T12:31:03.123456789Z",
    "event": {
        "type": "closed",
        "ticket": {
            "uuid": "276c2e43-d6f9-4c36-8e54-b5af5039acf6",
            "topic": null,
            "assignee": {
                "uuid": "0c78ef47-7d56-44d8-8f57-96e0f30e8f44",
                "name": "Bob McTickets"
            }
        }
    }
}