{
    "type": "flow_action",
    "flow": {
        "uuid": "7c37d7e5-6468-4b31-8109-ced2ef8b5ddc",
        "name": "Registration"
    },
    "history": {
        "parent_uuid": "01969b47-0d53-76f8-bd38-d266ec8d3716",
        "ancestors": 1,
        "ancestors_since_input": 1
    },
    "triggered_on": "2025-05-04T12:30:56.123456789Z",
    "run_summary": {
        "uuid": "084e4bed-667c-425e-82f7-bdb625e6ec9e"
    }
}