{
    "type": "manual",
    "flow": {
        "uuid": "7c37d7e5-6468-4b31-8109-ced2ef8b5ddc",
        "name": "Registration"
    },
    "batch": true,
    "params": {
        "foo": "bar"
    },
    "triggered_on": "2025-05-04T12:30:58.123456789Z",
    "user": {
        "uuid": "0c78ef47-7d56-44d8-8f57-96e0f30e8f44",
        "name": "Bob McTickets"
    },
    "origin": "api"
}