{
    "type": "chat",
    "flow": {
        "uuid": "7c37d7e5-6468-4b31-8109-ced2ef8b5ddc",
        "name": "Registration"
    },
    "triggered_on": "2025-05-04T12:31:10.123456789Z",
    "event": {
        "uuid": "01969b47-5f5b-76f8-bebe-b4a1f677cf4c",
        "type": "chat_started",
        "created_on": "2025-05-04T12:31:09.123456789Z",
        "channel": {
            "uuid": "3a05eaf5-cb1b-4246-bef1-f277419c83a7",
            "name": "Nexmo"
        },
        "params": {
            "referrer_id": "acme"
        }
    }
}